// Vitest Snapshot v1, https://vitest.dev/guide/snapshot.html

exports[`Componente About.vue > Snapshot de About.vue 1`] = `
"<div>
  <h1>This is an about page</h1>
  <div>
    <p> Lorem ipsum dolor sit amet, consectetur adipiscing elit. Nullam nec fermentum nunc. Nullam nec fermentum nunc. Nullam nec fermentum nunc. Nullam nec fermentum nunc. Nullam nec fermentum nunc. Nullam nec </p>
  </div>
</div>"
`;

exports[`Componente About.vue > Validaci√≥n de match con el snapshot 1`] = `
"<div>
  <h1>This is an about page</h1>
  <div>
    <p> Lorem ipsum dolor sit amet, consectetur adipiscing elit. Nullam nec fermentum nunc. Nullam nec fermentum nunc. Nullam nec fermentum nunc. Nullam nec fermentum nunc. Nullam nec fermentum nunc. Nullam nec </p>
  </div>
</div>"
`;
